// Jest Snapshot v1, https://goo.gl/fbAQLP

exports[`LearnerDashboardHeader render 1`] = `
<Fragment>
  <ConfirmEmailBanner />
  <Header />
  <MasqueradeBar />
</Fragment>
`;
