// Jest Snapshot v1, https://goo.gl/fbAQLP

exports[`WidgetSidebar snapshots 1`] = `
<PluginSlot
  id="org.openedx.frontend.learner_dashboard.widget_sidebar.v1"
  idAliases={
    [
      "widget_sidebar_slot",
    ]
  }
>
  <LookingForChallengeWidget />
</PluginSlot>
`;
