// Jest Snapshot v1, https://goo.gl/fbAQLP

exports[`ConfirmEmailBanner snapshot Show on unverified 1`] = `
<Fragment>
  <PageBanner
    dismissible={true}
    onDismiss={[MockFunction closePageBanner]}
    show={[MockFunction showPageBanner]}
  >
    <format-message-function
      message={
        {
          "defaultMessage": "Remember to confirm your email so that you can keep learning! {confirmNowButton}.",
          "description": "Text for reminding user to confirm email",
          "id": "leanerDashboard.confirmEmailTextReminderBanner",
        }
      }
      values={
        {
          "confirmNowButton": <Button
            className="confirm-email-now-button"
            onClick={[MockFunction openConfirmModalButtonClick]}
            size="inline"
            variant="link"
          >
            Confirm Now
          </Button>,
        }
      }
    />
  </PageBanner>
  <MarketingModal
    footerNode={
      <Button
        className="mx-auto my-3"
        onClick={[MockFunction userConfirmEmailButtonClick]}
        variant="danger"
      >
        I've confirmed my email
      </Button>
    }
    hasCloseButton={false}
    heroNode={
      <ModalDialog.Hero
        className="bg-gray-300"
      >
        <Image
          alt="confirm email background"
          className="m-auto"
          src="icon/mock/path"
        />
      </ModalDialog.Hero>
    }
    isOpen={[MockFunction showConfirmModal]}
    onClose={[MockFunction closeConfirmModal]}
    title=""
  >
    <h2
      className="text-center p-3 h1"
    >
      Confirm your email
    </h2>
    <p
      className="text-center"
    >
      We've sent you an email to verify your account. Please check your inbox and click on the big red button to confirm and keep learning.
    </p>
  </MarketingModal>
</Fragment>
`;

exports[`ConfirmEmailBanner snapshot do not show on already verified 1`] = `null`;
