// Jest Snapshot v1, https://goo.gl/fbAQLP

exports[`App router component component initialize failure snapshot 1`] = `
<Fragment>
  <HelmetWrapper
    defer={true}
    encodeSpecialCharacters={true}
  >
    <title>
      Learner Home
    </title>
    <link
      rel="shortcut icon"
      type="image/x-icon"
    />
  </HelmetWrapper>
  <div>
    <AppWrapper>
      <LearnerDashboardHeader />
      <main
        id="main"
      >
        <Alert
          variant="danger"
        >
          <ErrorPage
            message="If you experience repeated failures, please email support at test-support-url"
          />
        </Alert>
      </main>
    </AppWrapper>
    <FooterSlot />
  </div>
</Fragment>
`;

exports[`App router component component no network failure snapshot 1`] = `
<Fragment>
  <HelmetWrapper
    defer={true}
    encodeSpecialCharacters={true}
  >
    <title>
      Learner Home
    </title>
    <link
      rel="shortcut icon"
      type="image/x-icon"
    />
  </HelmetWrapper>
  <div>
    <AppWrapper>
      <LearnerDashboardHeader />
      <main
        id="main"
      >
        <Dashboard />
      </main>
    </AppWrapper>
    <FooterSlot />
  </div>
</Fragment>
`;

exports[`App router component component no network failure with optimizely project id snapshot 1`] = `
<Fragment>
  <HelmetWrapper
    defer={true}
    encodeSpecialCharacters={true}
  >
    <title>
      Learner Home
    </title>
    <link
      rel="shortcut icon"
      type="image/x-icon"
    />
  </HelmetWrapper>
  <div>
    <AppWrapper>
      <LearnerDashboardHeader />
      <main
        id="main"
      >
        <Dashboard />
      </main>
    </AppWrapper>
    <FooterSlot />
  </div>
</Fragment>
`;

exports[`App router component component no network failure with optimizely url snapshot 1`] = `
<Fragment>
  <HelmetWrapper
    defer={true}
    encodeSpecialCharacters={true}
  >
    <title>
      Learner Home
    </title>
    <link
      rel="shortcut icon"
      type="image/x-icon"
    />
  </HelmetWrapper>
  <div>
    <AppWrapper>
      <LearnerDashboardHeader />
      <main
        id="main"
      >
        <Dashboard />
      </main>
    </AppWrapper>
    <FooterSlot />
  </div>
</Fragment>
`;

exports[`App router component component refresh failure snapshot 1`] = `
<Fragment>
  <HelmetWrapper
    defer={true}
    encodeSpecialCharacters={true}
  >
    <title>
      Learner Home
    </title>
    <link
      rel="shortcut icon"
      type="image/x-icon"
    />
  </HelmetWrapper>
  <div>
    <AppWrapper>
      <LearnerDashboardHeader />
      <main
        id="main"
      >
        <Alert
          variant="danger"
        >
          <ErrorPage
            message="If you experience repeated failures, please email support at test-support-url"
          />
        </Alert>
      </main>
    </AppWrapper>
    <FooterSlot />
  </div>
</Fragment>
`;
