// Jest Snapshot v1, https://goo.gl/fbAQLP

exports[`app registry subscribe: APP_INIT_ERROR.  snapshot: displays an ErrorPage to root element 1`] = `
<UNDEFINED>
  <ErrorPage
    message="test-error-message"
  />
</UNDEFINED>
`;

exports[`app registry subscribe: APP_READY.  links App to root element 1`] = `
<UNDEFINED>
  <AppProvider
    store={
      {
        "redux": "store",
      }
    }
  >
    <NoticesWrapper>
      <Routes>
        <Route
          element={
            <PageWrap>
              <App />
            </PageWrap>
          }
          path="/"
        />
        <Route
          element={
            <Navigate
              replace={true}
              to="/"
            />
          }
          path="*"
        />
      </Routes>
    </NoticesWrapper>
  </AppProvider>
</UNDEFINED>
`;
